error: expected literal
 --> $DIR/symbol-bad-format.rs:6:16
  |
6 |     let _ = s!(EOS);
  |                ^^^
